<?xml version="1.0" encoding="UTF-8"?>
<testsuites name="jest tests" tests="2" failures="0" errors="0" time="0.637">
  <testsuite name="checking folder creation" errors="0" failures="0" skipped="0" timestamp="2023-12-05T16:15:17" time="0.618" tests="2">
    <testcase classname="checking folder creation based on the example folder" name="checking folder creation based on the example folder" time="0.013">
    </testcase>
    <testcase classname="checking folder creation based on the example folder plus requested new language" name="checking folder creation based on the example folder plus requested new language" time="0.006">
    </testcase>
  </testsuite>
</testsuites>